2026-09-08T11:58:46.545Z 🔴 OUT: APF CELO/USDm (0.3%) #5272 — price below range, 622.68% out
2026-09-08T11:58:46.545Z 🔴 OUT: mento axlWBTC/USDm (0.3%) #3115 — price above range, 57.76% out
2026-09-08T13:28:05.030Z 🔴 OUT: APF USD₮/AUDm (0.01%) #200153 — price below range, 0.86% out
2026-09-08T13:42:33.852Z 🔴 OUT: APF USD₮/AUDm (0.01%) #200153 — price below range, 0.86% out
2026-09-11T21:00:35.281Z 🔴 OUT: APF USD₮/USDC (0.01%) #201522 — price below range, 0.01% out
2026-09-12T00:00:34.767Z 🟢 BACK IN RANGE: APF#201522
2026-09-14T07:00:40.061Z 🟢 BACK IN RANGE: APF#200153
2026-09-16T04:00:28.280Z 🔴 OUT: APF USD₮/USDC (0.01%) #201522 — price below range, 0.02% out (33.3% of its range)
2026-09-16T05:00:32.273Z 🟢 BACK IN RANGE: APF#201522
2026-09-16T08:00:30.985Z 🔴 OUT: APF USD₮/USDC (0.01%) #201522 — price below range, 0.02% out (33.3% of its range)
2026-09-16T17:00:32.965Z ⚠️ POOL: wARS/USD₮:tvl_swing
2026-09-16T18:00:29.584Z 🟢 BACK IN RANGE: APF#201522
2026-09-16T18:00:29.584Z 🟢 POOL CLEARED: wARS/USD₮:tvl_swing
2026-09-16T19:00:32.522Z 🔴 OUT: APF USD₮/USDC (0.01%) #201522 — price below range, 0.05% out (83.3% of its range)
2026-09-16T21:00:32.375Z 🔴 OUT: APF USDm/EURm (0.01%) #201506 — price above range, 0.94% out (38.6% of its range)
2026-09-16T22:00:32.599Z 🟢 BACK IN RANGE: APF#201506
2026-09-17T00:00:30.136Z ⚠️ POOL: KESm/USD₮:skew_shift
2026-09-17T00:00:30.136Z ⚠️ POOL: USD₮/GBPm:skew_shift
2026-09-17T00:00:30.136Z ⚠️ POOL: USD₮/USDC:skew_shift
2026-09-17T00:00:30.136Z ⚠️ POOL: USD₮/USDm:skew_shift
2026-09-18T00:00:32.820Z 🟢 POOL CLEARED: USD₮/USDC:skew_shift
2026-09-18T00:00:32.820Z 🟢 POOL CLEARED: USD₮/USDm:skew_shift
2026-09-18T01:00:33.298Z ⚠️ POOL: USD₮/USDC:skew_shift
2026-09-18T03:55:31.391Z ⚠️ POOL: CELO/stCELO:out_of_range
2026-09-18T03:55:31.391Z ⚠️ POOL: USDm/EURm:out_of_range
2026-09-18T03:55:31.391Z ⚠️ POOL: USD₮/USDC:out_of_range
2026-09-18T04:00:31.547Z 🟢 POOL CLEARED: KESm/USD₮:skew_shift
2026-09-18T04:00:31.547Z 🟢 POOL CLEARED: USD₮/GBPm:skew_shift
2026-09-18T04:00:31.547Z 🟢 POOL CLEARED: USD₮/USDC:skew_shift
2026-09-18T04:06:41.183Z ⚠️ POOL: CELO/stCELO:out_of_range
2026-09-18T04:06:41.183Z ⚠️ POOL: USDm/EURm:out_of_range
2026-09-18T04:06:41.183Z ⚠️ POOL: USD₮/USDC:out_of_range
2026-09-18T04:07:56.953Z ⚠️ POOL: CELO/stCELO:out_of_range
2026-09-18T04:07:56.953Z ⚠️ POOL: USDm/EURm:out_of_range
2026-09-18T04:07:56.953Z ⚠️ POOL: USD₮/USDC:out_of_range
2026-09-18T04:21:56.917Z ⚠️ POOL: CELO/stCELO:out_of_range
2026-09-18T04:21:56.917Z ⚠️ POOL: USDm/EURm:out_of_range
2026-09-18T04:21:56.917Z ⚠️ POOL: USDm/EURm:tvl_swing
2026-09-18T04:21:56.917Z ⚠️ POOL: USD₮/USDC:out_of_range
2026-09-18T04:21:56.917Z ⚠️ POOL: USD₮/USDm:tvl_swing
2026-09-18T04:30:11.703Z ⚠️ POOL: CELO/stCELO:out_of_range
2026-09-18T04:30:11.703Z ⚠️ POOL: USDm/EURm:out_of_range
2026-09-18T04:30:11.703Z ⚠️ POOL: USD₮/USDC:out_of_range
2026-09-18T04:51:02.355Z ⚠️ POOL: CELO/stCELO:out_of_range
2026-09-18T04:51:02.355Z ⚠️ POOL: USDm/EURm:out_of_range
2026-09-18T04:51:02.355Z ⚠️ POOL: USD₮/USDC:out_of_range
2026-09-18T05:19:27.257Z ⚠️ POOL: CELO/stCELO:out_of_range
2026-09-18T05:19:27.257Z ⚠️ POOL: USDm/EURm:out_of_range
2026-09-18T05:19:27.257Z ⚠️ POOL: USD₮/USDC:out_of_range
2026-09-18T05:29:47.158Z ⚠️ POOL: CELO/stCELO:out_of_range
2026-09-18T05:29:47.158Z ⚠️ POOL: USDm/EURm:out_of_range
2026-09-18T05:29:47.158Z ⚠️ POOL: USD₮/USDC:out_of_range
2026-09-18T14:00:36.567Z 🟢 POOL CLEARED: 0x1c8dafd358d308b880f71edb5170b010b106ca60:out_of_range
2026-09-18T20:00:37.163Z 🟢 POOL CLEARED: 0x1a810e0b6c2dd5629afa2f0c898b9512c6f78846:out_of_range
2026-09-19T11:00:36.257Z ⚠️ POOL: USDm/EURm out_of_range
